// Jest Snapshot v1, https://goo.gl/fbAQLP

exports[`Get data Get data 1`] = `
[
  "1",
  "2",
  "3",
]
`;
